WARNING: We recommend using a newer Android Gradle plugin to use compileSdk = 36

This Android Gradle plugin (8.2.2) was tested up to compileSdk = 34.

You are strongly encouraged to update your project to use a newer
Android Gradle plugin that has been tested with compileSdk = 36.

If you are already using the latest version of the Android Gradle plugin,
you may need to wait until a newer version with support for compileSdk = 36 is available.

To suppress this warning, add/update
    android.suppressUnsupportedCompileSdk=36
to this project's gradle.properties.
> Task :app:preBuild UP-TO-DATE
> Task :app:preDebugBuild UP-TO-DATE
> Task :app:mergeDebugNativeDebugMetadata NO-SOURCE
> Task :app:checkKotlinGradlePluginConfigurationErrors
> Task :app:dataBindingMergeDependencyArtifactsDebug FAILED
cmd : 
At line:1 char:45
+ ... k-17.0.12"; cmd /c gradlew.bat 
assembleDebug --stacktrace 2>&1 | Out- ...
+                 ~~~~~~~~~~~~~~~~~~~~~~~~~~~~~~~
~~~~~~~~~~~~~~~~~~~
    + CategoryInfo          : NotSpecified: (:St 
   ring) [], RemoteException
    + FullyQualifiedErrorId : NativeCommandError
 
FAILURE: Build failed with an exception.

* What went wrong:
Execution failed for task 
':app:dataBindingMergeDependencyArtifactsDebug'.
> Configuration `:app:debugRuntimeClasspath` 
contains AndroidX dependencies, but the 
`android.useAndroidX` property is not enabled, 
which may cause runtime issues.
  Set `android.useAndroidX=true` in the 
`gradle.properties` file and retry.
  The following AndroidX dependencies are 
detected:
  :app:debugRuntimeClasspath -> 
androidx.core:core-ktx:1.13.1
  :app:debugRuntimeClasspath -> androidx.navigati
on:navigation-fragment-ktx:2.7.7 -> 
androidx.navigation:navigation-fragment:2.7.7 -> 
androidx.navigation:navigation-runtime-ktx:2.7.7 
-> androidx.navigation:navigation-runtime:2.7.7 
-> 
androidx.navigation:navigation-common-ktx:2.7.7 
-> androidx.navigation:navigation-common:2.7.7 
-> androidx.annotation:annotation:1.8.0
  :app:debugRuntimeClasspath -> androidx.navigati
on:navigation-fragment-ktx:2.7.7 -> 
androidx.navigation:navigation-fragment:2.7.7 -> 
androidx.navigation:navigation-runtime-ktx:2.7.7 
-> androidx.navigation:navigation-runtime:2.7.7 
-> 
androidx.navigation:navigation-common-ktx:2.7.7 
-> androidx.navigation:navigation-common:2.7.7 
-> androidx.annotation:annotation:1.8.0 -> 
androidx.annotation:annotation-jvm:1.8.0
  :app:debugRuntimeClasspath -> 
com.google.android.material:material:1.12.0 -> 
androidx.core:core:1.13.1
  :app:debugRuntimeClasspath -> androidx.navigati
on:navigation-fragment-ktx:2.7.7 -> 
androidx.navigation:navigation-fragment:2.7.7 -> 
androidx.navigation:navigation-runtime-ktx:2.7.7 
-> 
androidx.navigation:navigation-common-ktx:2.7.7 
-> androidx.navigation:navigation-common:2.7.7 
-> androidx.navigation:navigation-runtime:2.7.7 
-> 
androidx.annotation:annotation-experimental:1.4.0
  :app:debugRuntimeClasspath -> androidx.navigati
on:navigation-fragment-ktx:2.7.7 -> 
androidx.navigation:navigation-fragment:2.7.7 -> 
androidx.navigation:navigation-runtime-ktx:2.7.7 
-> 
androidx.navigation:navigation-common-ktx:2.7.7 
-> androidx.navigation:navigation-common:2.7.7 
-> androidx.navigation:navigation-runtime:2.7.7 
-> androidx.collection:collection:1.1.0
  :app:debugRuntimeClasspath -> 
com.google.android.material:material:1.12.0 -> 
androidx.core:core:1.13.1 -> 
androidx.concurrent:concurrent-futures:1.1.0
  :app:debugRuntimeClasspath -> 
androidx.appcompat:appcompat:1.7.0 -> 
androidx.appcompat:appcompat-resources:1.7.0 -> a
ndroidx.vectordrawable:vectordrawable-animated:1.
1.0 -> androidx.interpolator:interpolator:1.0.0
  :app:debugRuntimeClasspath -> 
com.google.android.material:material:1.12.0 -> 
androidx.lifecycle:lifecycle-runtime:2.8.2
  :app:debugRuntimeClasspath -> 
com.google.android.material:material:1.12.0 -> 
androidx.lifecycle:lifecycle-runtime:2.8.2 -> and
roidx.lifecycle:lifecycle-runtime-android:2.8.2
  :app:debugRuntimeClasspath -> 
androidx.appcompat:appcompat:1.7.0 -> 
androidx.savedstate:savedstate:1.2.1 -> 
androidx.arch.core:core-common:2.2.0
  :app:debugRuntimeClasspath -> 
com.google.android.material:material:1.12.0 -> 
androidx.lifecycle:lifecycle-runtime:2.8.2 -> and
roidx.lifecycle:lifecycle-runtime-android:2.8.2 
-> androidx.arch.core:core-runtime:2.2.0
  :app:debugRuntimeClasspath -> androidx.navigati
on:navigation-fragment-ktx:2.7.7 -> 
androidx.navigation:navigation-fragment:2.7.7 -> 
androidx.navigation:navigation-runtime-ktx:2.7.7 
-> androidx.navigation:navigation-runtime:2.7.7 
-> 
androidx.navigation:navigation-common-ktx:2.7.7 
-> androidx.navigation:navigation-common:2.7.7 
-> androidx.lifecycle:lifecycle-common:2.8.2
  :app:debugRuntimeClasspath -> androidx.navigati
on:navigation-fragment-ktx:2.7.7 -> 
androidx.navigation:navigation-fragment:2.7.7 -> 
androidx.navigation:navigation-runtime-ktx:2.7.7 
-> androidx.navigation:navigation-runtime:2.7.7 
-> 
androidx.navigation:navigation-common-ktx:2.7.7 
-> androidx.navigation:navigation-common:2.7.7 
-> androidx.lifecycle:lifecycle-common:2.8.2 -> 
androidx.lifecycle:lifecycle-common-jvm:2.8.2
  :app:debugRuntimeClasspath -> 
com.google.android.material:material:1.12.0 -> 
androidx.fragment:fragment:1.8.1 -> 
androidx.loader:loader:1.0.0 -> 
androidx.lifecycle:lifecycle-livedata:2.8.2
  :app:debugRuntimeClasspath -> 
com.google.android.material:material:1.12.0 -> 
androidx.fragment:fragment:1.8.1 -> 
androidx.lifecycle:lifecycle-livedata-core:2.8.2
  :app:debugRuntimeClasspath -> 
androidx.fragment:fragment-ktx:1.8.1 -> androidx.
lifecycle:lifecycle-livedata-core-ktx:2.8.2
  :app:debugRuntimeClasspath -> 
androidx.lifecycle:lifecycle-livedata-ktx:2.8.2
  :app:debugRuntimeClasspath -> 
androidx.lifecycle:lifecycle-runtime-ktx:2.8.2
  :app:debugRuntimeClasspath -> 
androidx.lifecycle:lifecycle-runtime-ktx:2.8.2 
-> androidx.lifecycle:lifecycle-runtime-ktx-andro
id:2.8.2
  :app:debugRuntimeClasspath -> 
androidx.appcompat:appcompat:1.7.0 -> 
androidx.emoji2:emoji2:1.3.0 -> 
androidx.lifecycle:lifecycle-process:2.8.2
  :app:debugRuntimeClasspath -> 
androidx.appcompat:appcompat:1.7.0 -> 
androidx.emoji2:emoji2:1.3.0 -> 
androidx.startup:startup-runtime:1.1.1
  :app:debugRuntimeClasspath -> 
com.google.android.material:material:1.12.0 -> 
androidx.activity:activity:1.9.0 -> 
androidx.tracing:tracing:1.0.0
  :app:debugRuntimeClasspath -> 
androidx.appcompat:appcompat:1.7.0 -> 
androidx.lifecycle:lifecycle-viewmodel:2.8.2
  :app:debugRuntimeClasspath -> 
androidx.appcompat:appcompat:1.7.0 -> 
androidx.lifecycle:lifecycle-viewmodel:2.8.2 -> a
ndroidx.lifecycle:lifecycle-viewmodel-android:2.8
.2
  :app:debugRuntimeClasspath -> 
androidx.lifecycle:lifecycle-viewmodel-ktx:2.8.2
  :app:debugRuntimeClasspath -> androidx.navigati
on:navigation-fragment-ktx:2.7.7 -> 
androidx.navigation:navigation-fragment:2.7.7 -> 
androidx.navigation:navigation-runtime-ktx:2.7.7 
-> androidx.navigation:navigation-runtime:2.7.7 
-> 
androidx.navigation:navigation-common-ktx:2.7.7 
-> androidx.navigation:navigation-common:2.7.7 
-> androidx.lifecycle:lifecycle-viewmodel-savedst
ate:2.8.2
  :app:debugRuntimeClasspath -> 
androidx.appcompat:appcompat:1.7.0 -> 
androidx.savedstate:savedstate:1.2.1
  :app:debugRuntimeClasspath -> androidx.navigati
on:navigation-fragment-ktx:2.7.7 -> 
androidx.navigation:navigation-fragment:2.7.7 -> 
androidx.navigation:navigation-runtime-ktx:2.7.7 
-> androidx.navigation:navigation-runtime:2.7.7 
-> 
androidx.navigation:navigation-common-ktx:2.7.7 
-> androidx.navigation:navigation-common:2.7.7 
-> androidx.savedstate:savedstate-ktx:1.2.1
  :app:debugRuntimeClasspath -> androidx.navigati
on:navigation-fragment-ktx:2.7.7 -> 
androidx.navigation:navigation-fragment:2.7.7 -> 
androidx.navigation:navigation-runtime-ktx:2.7.7 
-> androidx.navigation:navigation-runtime:2.7.7 
-> 
androidx.navigation:navigation-common-ktx:2.7.7 
-> androidx.navigation:navigation-common:2.7.7 
-> 
androidx.profileinstaller:profileinstaller:1.3.1
  :app:debugRuntimeClasspath -> 
com.google.android.material:material:1.12.0 -> 
androidx.core:core:1.13.1 -> androidx.versionedpa
rcelable:versionedparcelable:1.1.1
  :app:debugRuntimeClasspath -> 
androidx.appcompat:appcompat:1.7.0
  :app:debugRuntimeClasspath -> 
com.google.android.material:material:1.12.0 -> 
androidx.activity:activity:1.9.0
  :app:debugRuntimeClasspath -> 
androidx.activity:activity-ktx:1.9.0
  :app:debugRuntimeClasspath -> 
androidx.appcompat:appcompat:1.7.0 -> 
androidx.appcompat:appcompat-resources:1.7.0
  :app:debugRuntimeClasspath -> 
com.google.android.material:material:1.12.0 -> 
androidx.vectordrawable:vectordrawable:1.1.0
  :app:debugRuntimeClasspath -> 
androidx.appcompat:appcompat:1.7.0 -> 
androidx.appcompat:appcompat-resources:1.7.0 -> a
ndroidx.vectordrawable:vectordrawable-animated:1.
1.0
  :app:debugRuntimeClasspath -> 
androidx.appcompat:appcompat:1.7.0 -> 
androidx.cursoradapter:cursoradapter:1.0.0
  :app:debugRuntimeClasspath -> androidx.navigati
on:navigation-fragment-ktx:2.7.7 -> 
androidx.navigation:navigation-fragment:2.7.7 -> 
androidx.navigation:navigation-runtime-ktx:2.7.7 
-> androidx.navigation:navigation-runtime:2.7.7 
-> 
androidx.navigation:navigation-common-ktx:2.7.7 
-> androidx.navigation:navigation-common:2.7.7 
-> androidx.navigation:navigation-ui:2.7.7 -> 
androidx.drawerlayout:drawerlayout:1.1.1
  :app:debugRuntimeClasspath -> androidx.navigati
on:navigation-fragment-ktx:2.7.7 -> 
androidx.navigation:navigation-fragment:2.7.7 -> 
androidx.navigation:navigation-runtime-ktx:2.7.7 
-> androidx.navigation:navigation-runtime:2.7.7 
-> 
androidx.navigation:navigation-common-ktx:2.7.7 
-> androidx.navigation:navigation-common:2.7.7 
-> androidx.navigation:navigation-ui:2.7.7 -> 
androidx.customview:customview:1.1.0
  :app:debugRuntimeClasspath -> 
androidx.appcompat:appcompat:1.7.0 -> 
androidx.emoji2:emoji2:1.3.0
  :app:debugRuntimeClasspath -> 
androidx.appcompat:appcompat:1.7.0 -> 
androidx.emoji2:emoji2-views-helper:1.3.0
  :app:debugRuntimeClasspath -> 
com.google.android.material:material:1.12.0 -> 
androidx.fragment:fragment:1.8.1
  :app:debugRuntimeClasspath -> 
com.google.android.material:material:1.12.0 -> 
androidx.fragment:fragment:1.8.1 -> 
androidx.loader:loader:1.0.0
  :app:debugRuntimeClasspath -> 
com.google.android.material:material:1.12.0 -> 
androidx.fragment:fragment:1.8.1 -> 
androidx.viewpager:viewpager:1.0.0
  :app:debugRuntimeClasspath -> 
androidx.fragment:fragment-ktx:1.8.1
  :app:debugRuntimeClasspath -> androidx.navigati
on:navigation-fragment-ktx:2.7.7 -> 
androidx.navigation:navigation-fragment:2.7.7 -> 
androidx.navigation:navigation-runtime-ktx:2.7.7 
-> androidx.navigation:navigation-runtime:2.7.7 
-> 
androidx.navigation:navigation-common-ktx:2.7.7 
-> androidx.navigation:navigation-common:2.7.7 
-> androidx.collection:collection-ktx:1.1.0
  :app:debugRuntimeClasspath -> 
com.google.android.material:material:1.12.0 -> an
droidx.resourceinspection:resourceinspection-anno
tation:1.0.1
  :app:debugRuntimeClasspath -> 
androidx.constraintlayout:constraintlayout:2.1.4
  :app:debugRuntimeClasspath -> 
androidx.constraintlayout:constraintlayout:2.1.4 
-> androidx.constraintlayout:constraintlayout-cor
e:1.0.4
  :app:debugRuntimeClasspath -> 
androidx.recyclerview:recyclerview:1.3.2
  :app:debugRuntimeClasspath -> 
androidx.recyclerview:recyclerview:1.3.2 -> andro
idx.customview:customview-poolingcontainer:1.0.0
  :app:debugRuntimeClasspath -> 
com.google.android.material:material:1.12.0 -> 
androidx.viewpager2:viewpager2:1.1.0-beta02
  :app:debugRuntimeClasspath -> 
androidx.cardview:cardview:1.0.0
  :app:debugRuntimeClasspath -> 
com.google.android.material:material:1.12.0
  :app:debugRuntimeClasspath -> 
com.google.android.material:material:1.12.0 -> an
droidx.coordinatorlayout:coordinatorlayout:1.1.0
  :app:debugRuntimeClasspath -> 
com.google.android.material:material:1.12.0 -> 
androidx.dynamicanimation:dynamicanimation:1.0.0
  :app:debugRuntimeClasspath -> 
com.google.android.material:material:1.12.0 -> 
androidx.dynamicanimation:dynamicanimation:1.0.0 
-> 
androidx.legacy:legacy-support-core-utils:1.0.0
  :app:debugRuntimeClasspath -> 
com.google.android.material:material:1.12.0 -> 
androidx.dynamicanimation:dynamicanimation:1.0.0 
-> 
androidx.legacy:legacy-support-core-utils:1.0.0 
-> androidx.documentfile:documentfile:1.0.0
  :app:debugRuntimeClasspath -> 
com.google.android.material:material:1.12.0 -> 
androidx.dynamicanimation:dynamicanimation:1.0.0 
-> 
androidx.legacy:legacy-support-core-utils:1.0.0 
-> androidx.localbroadcastmanager:localbroadcastm
anager:1.0.0
  :app:debugRuntimeClasspath -> 
com.google.android.material:material:1.12.0 -> 
androidx.dynamicanimation:dynamicanimation:1.0.0 
-> 
androidx.legacy:legacy-support-core-utils:1.0.0 
-> androidx.print:print:1.0.0
  :app:debugRuntimeClasspath -> androidx.navigati
on:navigation-fragment-ktx:2.7.7 -> 
androidx.navigation:navigation-fragment:2.7.7 -> 
androidx.navigation:navigation-runtime-ktx:2.7.7 
-> androidx.navigation:navigation-runtime:2.7.7 
-> 
androidx.navigation:navigation-common-ktx:2.7.7 
-> androidx.navigation:navigation-common:2.7.7 
-> androidx.navigation:navigation-ui:2.7.7 -> 
androidx.transition:transition:1.5.0
  :app:debugRuntimeClasspath -> 
androidx.navigation:navigation-fragment-ktx:2.7.7
  :app:debugRuntimeClasspath -> androidx.navigati
on:navigation-fragment-ktx:2.7.7 -> 
androidx.navigation:navigation-runtime-ktx:2.7.7 
-> androidx.navigation:navigation-runtime:2.7.7 
-> 
androidx.navigation:navigation-common-ktx:2.7.7 
-> androidx.navigation:navigation-common:2.7.7 
-> androidx.navigation:navigation-fragment:2.7.7
  :app:debugRuntimeClasspath -> androidx.navigati
on:navigation-fragment-ktx:2.7.7 -> 
androidx.navigation:navigation-fragment:2.7.7 -> 
androidx.navigation:navigation-runtime-ktx:2.7.7 
-> 
androidx.navigation:navigation-common-ktx:2.7.7 
-> androidx.navigation:navigation-common:2.7.7 
-> androidx.navigation:navigation-runtime:2.7.7
  :app:debugRuntimeClasspath -> androidx.navigati
on:navigation-fragment-ktx:2.7.7 -> 
androidx.navigation:navigation-fragment:2.7.7 -> 
androidx.navigation:navigation-runtime-ktx:2.7.7 
-> androidx.navigation:navigation-runtime:2.7.7 
-> 
androidx.navigation:navigation-common-ktx:2.7.7 
-> androidx.navigation:navigation-common:2.7.7
  :app:debugRuntimeClasspath -> androidx.navigati
on:navigation-fragment-ktx:2.7.7 -> 
androidx.navigation:navigation-fragment:2.7.7 -> 
androidx.navigation:navigation-runtime-ktx:2.7.7 
-> androidx.navigation:navigation-runtime:2.7.7 
-> androidx.navigation:navigation-common:2.7.7 
-> 
androidx.navigation:navigation-common-ktx:2.7.7
  :app:debugRuntimeClasspath -> androidx.navigati
on:navigation-fragment-ktx:2.7.7 -> 
androidx.navigation:navigation-fragment:2.7.7 -> 
androidx.navigation:navigation-runtime:2.7.7 -> 
androidx.navigation:navigation-common-ktx:2.7.7 
-> androidx.navigation:navigation-common:2.7.7 
-> 
androidx.navigation:navigation-runtime-ktx:2.7.7
  :app:debugRuntimeClasspath -> androidx.navigati
on:navigation-fragment-ktx:2.7.7 -> 
androidx.navigation:navigation-fragment:2.7.7 -> 
androidx.navigation:navigation-runtime-ktx:2.7.7 
-> androidx.navigation:navigation-runtime:2.7.7 
-> 
androidx.navigation:navigation-common-ktx:2.7.7 
-> androidx.navigation:navigation-common:2.7.7 
-> androidx.navigation:navigation-ui:2.7.7
  :app:debugRuntimeClasspath -> 
androidx.navigation:navigation-ui-ktx:2.7.7
  :app:debugRuntimeClasspath -> androidx.navigati
on:navigation-fragment-ktx:2.7.7 -> 
androidx.navigation:navigation-runtime-ktx:2.7.7 
-> androidx.navigation:navigation-runtime:2.7.7 
-> 
androidx.navigation:navigation-common-ktx:2.7.7 
-> androidx.navigation:navigation-common:2.7.7 
-> androidx.navigation:navigation-fragment:2.7.7 
-> androidx.slidingpanelayout:slidingpanelayout:1
.2.0
  :app:debugRuntimeClasspath -> androidx.navigati
on:navigation-fragment-ktx:2.7.7 -> 
androidx.navigation:navigation-runtime-ktx:2.7.7 
-> androidx.navigation:navigation-runtime:2.7.7 
-> 
androidx.navigation:navigation-common-ktx:2.7.7 
-> androidx.navigation:navigation-common:2.7.7 
-> androidx.navigation:navigation-fragment:2.7.7 
-> androidx.slidingpanelayout:slidingpanelayout:1
.2.0 -> androidx.window:window:1.0.0
  :app:debugRuntimeClasspath -> 
androidx.room:room-runtime:2.6.1
  :app:debugRuntimeClasspath -> 
androidx.room:room-runtime:2.6.1 -> 
androidx.room:room-common:2.6.1
  :app:debugRuntimeClasspath -> 
androidx.room:room-ktx:2.6.1
  :app:debugRuntimeClasspath -> 
androidx.room:room-runtime:2.6.1 -> 
androidx.sqlite:sqlite:2.4.0
  :app:debugRuntimeClasspath -> 
androidx.room:room-runtime:2.6.1 -> 
androidx.sqlite:sqlite-framework:2.4.0
  :app:debugRuntimeClasspath -> 
androidx.datastore:datastore-preferences:1.1.1
  :app:debugRuntimeClasspath -> 
androidx.datastore:datastore-preferences:1.1.1 
-> androidx.datastore:datastore-preferences-andro
id:1.1.1
  :app:debugRuntimeClasspath -> 
androidx.datastore:datastore-preferences:1.1.1 
-> androidx.datastore:datastore-preferences-andro
id:1.1.1 -> androidx.datastore:datastore-preferen
ces-core:1.1.1 -> androidx.datastore:datastore-pr
eferences-core-jvm:1.1.1 -> 
androidx.datastore:datastore-core:1.1.1 -> 
androidx.datastore:datastore-core-android:1.1.1 
-> androidx.datastore:datastore-core-okio:1.1.1 
-> 
androidx.datastore:datastore-core-okio-jvm:1.1.1 
-> androidx.datastore:datastore:1.1.1
  :app:debugRuntimeClasspath -> 
androidx.datastore:datastore-preferences:1.1.1 
-> androidx.datastore:datastore-preferences-andro
id:1.1.1 -> androidx.datastore:datastore-preferen
ces-core:1.1.1 -> androidx.datastore:datastore-pr
eferences-core-jvm:1.1.1 -> 
androidx.datastore:datastore-core:1.1.1 -> 
androidx.datastore:datastore-core-android:1.1.1 
-> androidx.datastore:datastore-core-okio:1.1.1 
-> 
androidx.datastore:datastore-core-okio-jvm:1.1.1 
-> androidx.datastore:datastore:1.1.1 -> 
androidx.datastore:datastore-android:1.1.1
  :app:debugRuntimeClasspath -> 
androidx.datastore:datastore-preferences:1.1.1 
-> androidx.datastore:datastore-preferences-andro
id:1.1.1 -> androidx.datastore:datastore:1.1.1 
-> androidx.datastore:datastore-android:1.1.1 -> 
androidx.datastore:datastore-preferences-core:1.1
.1 -> androidx.datastore:datastore-preferences-co
re-jvm:1.1.1 -> 
androidx.datastore:datastore-core-okio:1.1.1 -> 
androidx.datastore:datastore-core-okio-jvm:1.1.1 
-> androidx.datastore:datastore-core:1.1.1
  :app:debugRuntimeClasspath -> 
androidx.datastore:datastore-preferences:1.1.1 
-> androidx.datastore:datastore-preferences-andro
id:1.1.1 -> androidx.datastore:datastore:1.1.1 
-> androidx.datastore:datastore-android:1.1.1 -> 
androidx.datastore:datastore-preferences-core:1.1
.1 -> androidx.datastore:datastore-preferences-co
re-jvm:1.1.1 -> 
androidx.datastore:datastore-core-okio:1.1.1 -> 
androidx.datastore:datastore-core-okio-jvm:1.1.1 
-> androidx.datastore:datastore-core:1.1.1 -> 
androidx.datastore:datastore-core-android:1.1.1
  :app:debugRuntimeClasspath -> 
androidx.datastore:datastore-preferences:1.1.1 
-> androidx.datastore:datastore-preferences-andro
id:1.1.1 -> androidx.datastore:datastore:1.1.1 
-> androidx.datastore:datastore-android:1.1.1 -> 
androidx.datastore:datastore-preferences-core:1.1
.1 -> androidx.datastore:datastore-preferences-co
re-jvm:1.1.1 -> 
androidx.datastore:datastore-core:1.1.1 -> 
androidx.datastore:datastore-core-android:1.1.1 
-> androidx.datastore:datastore-core-okio:1.1.1
  :app:debugRuntimeClasspath -> 
androidx.datastore:datastore-preferences:1.1.1 
-> androidx.datastore:datastore-preferences-andro
id:1.1.1 -> androidx.datastore:datastore:1.1.1 
-> androidx.datastore:datastore-android:1.1.1 -> 
androidx.datastore:datastore-preferences-core:1.1
.1 -> androidx.datastore:datastore-preferences-co
re-jvm:1.1.1 -> 
androidx.datastore:datastore-core:1.1.1 -> 
androidx.datastore:datastore-core-android:1.1.1 
-> androidx.datastore:datastore-core-okio:1.1.1 
-> 
androidx.datastore:datastore-core-okio-jvm:1.1.1
  :app:debugRuntimeClasspath -> 
androidx.datastore:datastore-preferences:1.1.1 
-> androidx.datastore:datastore-preferences-andro
id:1.1.1 -> androidx.datastore:datastore:1.1.1 
-> androidx.datastore:datastore-android:1.1.1 -> 
androidx.datastore:datastore-core:1.1.1 -> 
androidx.datastore:datastore-core-android:1.1.1 
-> androidx.datastore:datastore-core-okio:1.1.1 
-> 
androidx.datastore:datastore-core-okio-jvm:1.1.1 
-> androidx.datastore:datastore-preferences-core:
1.1.1
  :app:debugRuntimeClasspath -> 
androidx.datastore:datastore-preferences:1.1.1 
-> androidx.datastore:datastore-preferences-andro
id:1.1.1 -> androidx.datastore:datastore:1.1.1 
-> androidx.datastore:datastore-android:1.1.1 -> 
androidx.datastore:datastore-core:1.1.1 -> 
androidx.datastore:datastore-core-android:1.1.1 
-> androidx.datastore:datastore-core-okio:1.1.1 
-> 
androidx.datastore:datastore-core-okio-jvm:1.1.1 
-> androidx.datastore:datastore-preferences-core:
1.1.1 -> androidx.datastore:datastore-preferences
-core-jvm:1.1.1

* Try:
> Run with --info or --debug option to get more 
log output.
> Run with --scan to get full insights.
> Get more help at https://help.gradle.org.

* Exception is:
org.gradle.api.tasks.TaskExecutionException: 
Execution failed for task 
':app:dataBindingMergeDependencyArtifactsDebug'.
	at org.gradle.api.internal.tasks.execution.Catch
ExceptionTaskExecuter.execute(CatchExceptionTaskE
xecuter.java:38)
	at org.gradle.api.internal.tasks.execution.Event
FiringTaskExecuter$1.executeTask(EventFiringTaskE
xecuter.java:77)
	at org.gradle.api.internal.tasks.execution.Event
FiringTaskExecuter$1.call(EventFiringTaskExecuter
.java:55)
	at org.gradle.api.internal.tasks.execution.Event
FiringTaskExecuter$1.call(EventFiringTaskExecuter
.java:52)
	at org.gradle.internal.operations.DefaultBuildOp
erationRunner$CallableBuildOperationWorker.execut
e(DefaultBuildOperationRunner.java:204)
	at org.gradle.internal.operations.DefaultBuildOp
erationRunner$CallableBuildOperationWorker.execut
e(DefaultBuildOperationRunner.java:199)
	at org.gradle.internal.operations.DefaultBuildOp
erationRunner$2.execute(DefaultBuildOperationRunn
er.java:66)
	at org.gradle.internal.operations.DefaultBuildOp
erationRunner$2.execute(DefaultBuildOperationRunn
er.java:59)
	at org.gradle.internal.operations.DefaultBuildOp
erationRunner.execute(DefaultBuildOperationRunner
.java:157)
	at org.gradle.internal.operations.DefaultBuildOp
erationRunner.execute(DefaultBuildOperationRunner
.java:59)
	at org.gradle.internal.operations.DefaultBuildOp
erationRunner.call(DefaultBuildOperationRunner.ja
va:53)
	at org.gradle.internal.operations.DefaultBuildOp
erationExecutor.call(DefaultBuildOperationExecuto
r.java:78)
	at org.gradle.api.internal.tasks.execution.Event
FiringTaskExecuter.execute(EventFiringTaskExecute
r.java:52)
	at org.gradle.execution.plan.LocalTaskNodeExecut
or.execute(LocalTaskNodeExecutor.java:42)
	at org.gradle.execution.taskgraph.DefaultTaskExe
cutionGraph$InvokeNodeExecutorsAction.execute(Def
aultTaskExecutionGraph.java:331)
	at org.gradle.execution.taskgraph.DefaultTaskExe
cutionGraph$InvokeNodeExecutorsAction.execute(Def
aultTaskExecutionGraph.java:318)
	at org.gradle.execution.taskgraph.DefaultTaskExe
cutionGraph$BuildOperationAwareExecutionAction.la
mbda$execute$0(DefaultTaskExecutionGraph.java:314
)
	at org.gradle.internal.operations.CurrentBuildOp
erationRef.with(CurrentBuildOperationRef.java:80)
	at org.gradle.execution.taskgraph.DefaultTaskExe
cutionGraph$BuildOperationAwareExecutionAction.ex
ecute(DefaultTaskExecutionGraph.java:314)
	at org.gradle.execution.taskgraph.DefaultTaskExe
cutionGraph$BuildOperationAwareExecutionAction.ex
ecute(DefaultTaskExecutionGraph.java:303)
	at org.gradle.execution.plan.DefaultPlanExecutor
$ExecutorWorker.execute(DefaultPlanExecutor.java:
463)
	at org.gradle.execution.plan.DefaultPlanExecutor
$ExecutorWorker.run(DefaultPlanExecutor.java:380)
	at org.gradle.internal.concurrent.ExecutorPolicy
$CatchAndRecordFailures.onExecute(ExecutorPolicy.
java:64)
	at org.gradle.internal.concurrent.AbstractManage
dExecutor$1.run(AbstractManagedExecutor.java:47)
Caused by: 
com.android.builder.errors.EvalIssueException: 
Configuration `:app:debugRuntimeClasspath` 
contains AndroidX dependencies, but the 
`android.useAndroidX` property is not enabled, 
which may cause runtime issues.
Set `android.useAndroidX=true` in the 
`gradle.properties` file and retry.
The following AndroidX dependencies are detected:
:app:debugRuntimeClasspath -> 
androidx.core:core-ktx:1.13.1
:app:debugRuntimeClasspath -> androidx.navigation
:navigation-fragment-ktx:2.7.7 -> 
androidx.navigation:navigation-fragment:2.7.7 -> 
androidx.navigation:navigation-runtime-ktx:2.7.7 
-> androidx.navigation:navigation-runtime:2.7.7 
-> 
androidx.navigation:navigation-common-ktx:2.7.7 
-> androidx.navigation:navigation-common:2.7.7 
-> androidx.annotation:annotation:1.8.0
:app:debugRuntimeClasspath -> androidx.navigation
:navigation-fragment-ktx:2.7.7 -> 
androidx.navigation:navigation-fragment:2.7.7 -> 
androidx.navigation:navigation-runtime-ktx:2.7.7 
-> androidx.navigation:navigation-runtime:2.7.7 
-> 
androidx.navigation:navigation-common-ktx:2.7.7 
-> androidx.navigation:navigation-common:2.7.7 
-> androidx.annotation:annotation:1.8.0 -> 
androidx.annotation:annotation-jvm:1.8.0
:app:debugRuntimeClasspath -> 
com.google.android.material:material:1.12.0 -> 
androidx.core:core:1.13.1
:app:debugRuntimeClasspath -> androidx.navigation
:navigation-fragment-ktx:2.7.7 -> 
androidx.navigation:navigation-fragment:2.7.7 -> 
androidx.navigation:navigation-runtime-ktx:2.7.7 
-> 
androidx.navigation:navigation-common-ktx:2.7.7 
-> androidx.navigation:navigation-common:2.7.7 
-> androidx.navigation:navigation-runtime:2.7.7 
-> 
androidx.annotation:annotation-experimental:1.4.0
:app:debugRuntimeClasspath -> androidx.navigation
:navigation-fragment-ktx:2.7.7 -> 
androidx.navigation:navigation-fragment:2.7.7 -> 
androidx.navigation:navigation-runtime-ktx:2.7.7 
-> 
androidx.navigation:navigation-common-ktx:2.7.7 
-> androidx.navigation:navigation-common:2.7.7 
-> androidx.navigation:navigation-runtime:2.7.7 
-> androidx.collection:collection:1.1.0
:app:debugRuntimeClasspath -> 
com.google.android.material:material:1.12.0 -> 
androidx.core:core:1.13.1 -> 
androidx.concurrent:concurrent-futures:1.1.0
:app:debugRuntimeClasspath -> 
androidx.appcompat:appcompat:1.7.0 -> 
androidx.appcompat:appcompat-resources:1.7.0 -> a
ndroidx.vectordrawable:vectordrawable-animated:1.
1.0 -> androidx.interpolator:interpolator:1.0.0
:app:debugRuntimeClasspath -> 
com.google.android.material:material:1.12.0 -> 
androidx.lifecycle:lifecycle-runtime:2.8.2
:app:debugRuntimeClasspath -> 
com.google.android.material:material:1.12.0 -> 
androidx.lifecycle:lifecycle-runtime:2.8.2 -> and
roidx.lifecycle:lifecycle-runtime-android:2.8.2
:app:debugRuntimeClasspath -> 
androidx.appcompat:appcompat:1.7.0 -> 
androidx.savedstate:savedstate:1.2.1 -> 
androidx.arch.core:core-common:2.2.0
:app:debugRuntimeClasspath -> 
com.google.android.material:material:1.12.0 -> 
androidx.lifecycle:lifecycle-runtime:2.8.2 -> and
roidx.lifecycle:lifecycle-runtime-android:2.8.2 
-> androidx.arch.core:core-runtime:2.2.0
:app:debugRuntimeClasspath -> androidx.navigation
:navigation-fragment-ktx:2.7.7 -> 
androidx.navigation:navigation-fragment:2.7.7 -> 
androidx.navigation:navigation-runtime-ktx:2.7.7 
-> androidx.navigation:navigation-runtime:2.7.7 
-> 
androidx.navigation:navigation-common-ktx:2.7.7 
-> androidx.navigation:navigation-common:2.7.7 
-> androidx.lifecycle:lifecycle-common:2.8.2
:app:debugRuntimeClasspath -> androidx.navigation
:navigation-fragment-ktx:2.7.7 -> 
androidx.navigation:navigation-fragment:2.7.7 -> 
androidx.navigation:navigation-runtime-ktx:2.7.7 
-> androidx.navigation:navigation-runtime:2.7.7 
-> 
androidx.navigation:navigation-common-ktx:2.7.7 
-> androidx.navigation:navigation-common:2.7.7 
-> androidx.lifecycle:lifecycle-common:2.8.2 -> 
androidx.lifecycle:lifecycle-common-jvm:2.8.2
:app:debugRuntimeClasspath -> 
com.google.android.material:material:1.12.0 -> 
androidx.fragment:fragment:1.8.1 -> 
androidx.loader:loader:1.0.0 -> 
androidx.lifecycle:lifecycle-livedata:2.8.2
:app:debugRuntimeClasspath -> 
com.google.android.material:material:1.12.0 -> 
androidx.fragment:fragment:1.8.1 -> 
androidx.lifecycle:lifecycle-livedata-core:2.8.2
:app:debugRuntimeClasspath -> 
androidx.fragment:fragment-ktx:1.8.1 -> androidx.
lifecycle:lifecycle-livedata-core-ktx:2.8.2
:app:debugRuntimeClasspath -> 
androidx.lifecycle:lifecycle-livedata-ktx:2.8.2
:app:debugRuntimeClasspath -> 
androidx.lifecycle:lifecycle-runtime-ktx:2.8.2
:app:debugRuntimeClasspath -> 
androidx.lifecycle:lifecycle-runtime-ktx:2.8.2 
-> androidx.lifecycle:lifecycle-runtime-ktx-andro
id:2.8.2
:app:debugRuntimeClasspath -> 
androidx.appcompat:appcompat:1.7.0 -> 
androidx.emoji2:emoji2:1.3.0 -> 
androidx.lifecycle:lifecycle-process:2.8.2
:app:debugRuntimeClasspath -> 
androidx.appcompat:appcompat:1.7.0 -> 
androidx.emoji2:emoji2:1.3.0 -> 
androidx.startup:startup-runtime:1.1.1
:app:debugRuntimeClasspath -> 
com.google.android.material:material:1.12.0 -> 
androidx.activity:activity:1.9.0 -> 
androidx.tracing:tracing:1.0.0
:app:debugRuntimeClasspath -> 
androidx.appcompat:appcompat:1.7.0 -> 
androidx.lifecycle:lifecycle-viewmodel:2.8.2
:app:debugRuntimeClasspath -> 
androidx.appcompat:appcompat:1.7.0 -> 
androidx.lifecycle:lifecycle-viewmodel:2.8.2 -> a
ndroidx.lifecycle:lifecycle-viewmodel-android:2.8
.2
:app:debugRuntimeClasspath -> 
androidx.lifecycle:lifecycle-viewmodel-ktx:2.8.2
:app:debugRuntimeClasspath -> androidx.navigation
:navigation-fragment-ktx:2.7.7 -> 
androidx.navigation:navigation-fragment:2.7.7 -> 
androidx.navigation:navigation-runtime-ktx:2.7.7 
-> androidx.navigation:navigation-runtime:2.7.7 
-> 
androidx.navigation:navigation-common-ktx:2.7.7 
-> androidx.navigation:navigation-common:2.7.7 
-> androidx.lifecycle:lifecycle-viewmodel-savedst
ate:2.8.2
:app:debugRuntimeClasspath -> 
androidx.appcompat:appcompat:1.7.0 -> 
androidx.savedstate:savedstate:1.2.1
:app:debugRuntimeClasspath -> androidx.navigation
:navigation-fragment-ktx:2.7.7 -> 
androidx.navigation:navigation-fragment:2.7.7 -> 
androidx.navigation:navigation-runtime-ktx:2.7.7 
-> androidx.navigation:navigation-runtime:2.7.7 
-> 
androidx.navigation:navigation-common-ktx:2.7.7 
-> androidx.navigation:navigation-common:2.7.7 
-> androidx.savedstate:savedstate-ktx:1.2.1
:app:debugRuntimeClasspath -> androidx.navigation
:navigation-fragment-ktx:2.7.7 -> 
androidx.navigation:navigation-fragment:2.7.7 -> 
androidx.navigation:navigation-runtime-ktx:2.7.7 
-> androidx.navigation:navigation-runtime:2.7.7 
-> 
androidx.navigation:navigation-common-ktx:2.7.7 
-> androidx.navigation:navigation-common:2.7.7 
-> 
androidx.profileinstaller:profileinstaller:1.3.1
:app:debugRuntimeClasspath -> 
com.google.android.material:material:1.12.0 -> 
androidx.core:core:1.13.1 -> androidx.versionedpa
rcelable:versionedparcelable:1.1.1
:app:debugRuntimeClasspath -> 
androidx.appcompat:appcompat:1.7.0
:app:debugRuntimeClasspath -> 
com.google.android.material:material:1.12.0 -> 
androidx.activity:activity:1.9.0
:app:debugRuntimeClasspath -> 
androidx.activity:activity-ktx:1.9.0
:app:debugRuntimeClasspath -> 
androidx.appcompat:appcompat:1.7.0 -> 
androidx.appcompat:appcompat-resources:1.7.0
:app:debugRuntimeClasspath -> 
com.google.android.material:material:1.12.0 -> 
androidx.vectordrawable:vectordrawable:1.1.0
:app:debugRuntimeClasspath -> 
androidx.appcompat:appcompat:1.7.0 -> 
androidx.appcompat:appcompat-resources:1.7.0 -> a
ndroidx.vectordrawable:vectordrawable-animated:1.
1.0
:app:debugRuntimeClasspath -> 
androidx.appcompat:appcompat:1.7.0 -> 
androidx.cursoradapter:cursoradapter:1.0.0
:app:debugRuntimeClasspath -> androidx.navigation
:navigation-fragment-ktx:2.7.7 -> 
androidx.navigation:navigation-fragment:2.7.7 -> 
androidx.navigation:navigation-runtime-ktx:2.7.7 
-> androidx.navigation:navigation-runtime:2.7.7 
-> 
androidx.navigation:navigation-common-ktx:2.7.7 
-> androidx.navigation:navigation-common:2.7.7 
-> androidx.navigation:navigation-ui:2.7.7 -> 
androidx.drawerlayout:drawerlayout:1.1.1
:app:debugRuntimeClasspath -> androidx.navigation
:navigation-fragment-ktx:2.7.7 -> 
androidx.navigation:navigation-fragment:2.7.7 -> 
androidx.navigation:navigation-runtime-ktx:2.7.7 
-> androidx.navigation:navigation-runtime:2.7.7 
-> 
androidx.navigation:navigation-common-ktx:2.7.7 
-> androidx.navigation:navigation-common:2.7.7 
-> androidx.navigation:navigation-ui:2.7.7 -> 
androidx.customview:customview:1.1.0
:app:debugRuntimeClasspath -> 
androidx.appcompat:appcompat:1.7.0 -> 
androidx.emoji2:emoji2:1.3.0
:app:debugRuntimeClasspath -> 
androidx.appcompat:appcompat:1.7.0 -> 
androidx.emoji2:emoji2-views-helper:1.3.0
:app:debugRuntimeClasspath -> 
com.google.android.material:material:1.12.0 -> 
androidx.fragment:fragment:1.8.1
:app:debugRuntimeClasspath -> 
com.google.android.material:material:1.12.0 -> 
androidx.fragment:fragment:1.8.1 -> 
androidx.loader:loader:1.0.0
:app:debugRuntimeClasspath -> 
com.google.android.material:material:1.12.0 -> 
androidx.fragment:fragment:1.8.1 -> 
androidx.viewpager:viewpager:1.0.0
:app:debugRuntimeClasspath -> 
androidx.fragment:fragment-ktx:1.8.1
:app:debugRuntimeClasspath -> androidx.navigation
:navigation-fragment-ktx:2.7.7 -> 
androidx.navigation:navigation-fragment:2.7.7 -> 
androidx.navigation:navigation-runtime-ktx:2.7.7 
-> androidx.navigation:navigation-runtime:2.7.7 
-> 
androidx.navigation:navigation-common-ktx:2.7.7 
-> androidx.navigation:navigation-common:2.7.7 
-> androidx.collection:collection-ktx:1.1.0
:app:debugRuntimeClasspath -> 
com.google.android.material:material:1.12.0 -> an
droidx.resourceinspection:resourceinspection-anno
tation:1.0.1
:app:debugRuntimeClasspath -> 
androidx.constraintlayout:constraintlayout:2.1.4
:app:debugRuntimeClasspath -> 
androidx.constraintlayout:constraintlayout:2.1.4 
-> androidx.constraintlayout:constraintlayout-cor
e:1.0.4
:app:debugRuntimeClasspath -> 
androidx.recyclerview:recyclerview:1.3.2
:app:debugRuntimeClasspath -> 
androidx.recyclerview:recyclerview:1.3.2 -> andro
idx.customview:customview-poolingcontainer:1.0.0
:app:debugRuntimeClasspath -> 
com.google.android.material:material:1.12.0 -> 
androidx.viewpager2:viewpager2:1.1.0-beta02
:app:debugRuntimeClasspath -> 
androidx.cardview:cardview:1.0.0
:app:debugRuntimeClasspath -> 
com.google.android.material:material:1.12.0
:app:debugRuntimeClasspath -> 
com.google.android.material:material:1.12.0 -> an
droidx.coordinatorlayout:coordinatorlayout:1.1.0
:app:debugRuntimeClasspath -> 
com.google.android.material:material:1.12.0 -> 
androidx.dynamicanimation:dynamicanimation:1.0.0
:app:debugRuntimeClasspath -> 
com.google.android.material:material:1.12.0 -> 
androidx.dynamicanimation:dynamicanimation:1.0.0 
-> 
androidx.legacy:legacy-support-core-utils:1.0.0
:app:debugRuntimeClasspath -> 
com.google.android.material:material:1.12.0 -> 
androidx.dynamicanimation:dynamicanimation:1.0.0 
-> 
androidx.legacy:legacy-support-core-utils:1.0.0 
-> androidx.documentfile:documentfile:1.0.0
:app:debugRuntimeClasspath -> 
com.google.android.material:material:1.12.0 -> 
androidx.dynamicanimation:dynamicanimation:1.0.0 
-> 
androidx.legacy:legacy-support-core-utils:1.0.0 
-> androidx.localbroadcastmanager:localbroadcastm
anager:1.0.0
:app:debugRuntimeClasspath -> 
com.google.android.material:material:1.12.0 -> 
androidx.dynamicanimation:dynamicanimation:1.0.0 
-> 
androidx.legacy:legacy-support-core-utils:1.0.0 
-> androidx.print:print:1.0.0
:app:debugRuntimeClasspath -> androidx.navigation
:navigation-fragment-ktx:2.7.7 -> 
androidx.navigation:navigation-fragment:2.7.7 -> 
androidx.navigation:navigation-runtime-ktx:2.7.7 
-> androidx.navigation:navigation-runtime:2.7.7 
-> 
androidx.navigation:navigation-common-ktx:2.7.7 
-> androidx.navigation:navigation-common:2.7.7 
-> androidx.navigation:navigation-ui:2.7.7 -> 
androidx.transition:transition:1.5.0
:app:debugRuntimeClasspath -> 
androidx.navigation:navigation-fragment-ktx:2.7.7
:app:debugRuntimeClasspath -> androidx.navigation
:navigation-fragment-ktx:2.7.7 -> 
androidx.navigation:navigation-runtime-ktx:2.7.7 
-> androidx.navigation:navigation-runtime:2.7.7 
-> 
androidx.navigation:navigation-common-ktx:2.7.7 
-> androidx.navigation:navigation-common:2.7.7 
-> androidx.navigation:navigation-fragment:2.7.7
:app:debugRuntimeClasspath -> androidx.navigation
:navigation-fragment-ktx:2.7.7 -> 
androidx.navigation:navigation-fragment:2.7.7 -> 
androidx.navigation:navigation-runtime-ktx:2.7.7 
-> 
androidx.navigation:navigation-common-ktx:2.7.7 
-> androidx.navigation:navigation-common:2.7.7 
-> androidx.navigation:navigation-runtime:2.7.7
:app:debugRuntimeClasspath -> androidx.navigation
:navigation-fragment-ktx:2.7.7 -> 
androidx.navigation:navigation-fragment:2.7.7 -> 
androidx.navigation:navigation-runtime-ktx:2.7.7 
-> androidx.navigation:navigation-runtime:2.7.7 
-> 
androidx.navigation:navigation-common-ktx:2.7.7 
-> androidx.navigation:navigation-common:2.7.7
:app:debugRuntimeClasspath -> androidx.navigation
:navigation-fragment-ktx:2.7.7 -> 
androidx.navigation:navigation-fragment:2.7.7 -> 
androidx.navigation:navigation-runtime-ktx:2.7.7 
-> androidx.navigation:navigation-runtime:2.7.7 
-> androidx.navigation:navigation-common:2.7.7 
-> 
androidx.navigation:navigation-common-ktx:2.7.7
:app:debugRuntimeClasspath -> androidx.navigation
:navigation-fragment-ktx:2.7.7 -> 
androidx.navigation:navigation-fragment:2.7.7 -> 
androidx.navigation:navigation-runtime:2.7.7 -> 
androidx.navigation:navigation-common-ktx:2.7.7 
-> androidx.navigation:navigation-common:2.7.7 
-> 
androidx.navigation:navigation-runtime-ktx:2.7.7
:app:debugRuntimeClasspath -> androidx.navigation
:navigation-fragment-ktx:2.7.7 -> 
androidx.navigation:navigation-fragment:2.7.7 -> 
androidx.navigation:navigation-runtime-ktx:2.7.7 
-> androidx.navigation:navigation-runtime:2.7.7 
-> 
androidx.navigation:navigation-common-ktx:2.7.7 
-> androidx.navigation:navigation-common:2.7.7 
-> androidx.navigation:navigation-ui:2.7.7
:app:debugRuntimeClasspath -> 
androidx.navigation:navigation-ui-ktx:2.7.7
:app:debugRuntimeClasspath -> androidx.navigation
:navigation-fragment-ktx:2.7.7 -> 
androidx.navigation:navigation-runtime-ktx:2.7.7 
-> androidx.navigation:navigation-runtime:2.7.7 
-> 
androidx.navigation:navigation-common-ktx:2.7.7 
-> androidx.navigation:navigation-common:2.7.7 
-> androidx.navigation:navigation-fragment:2.7.7 
-> androidx.slidingpanelayout:slidingpanelayout:1
.2.0
:app:debugRuntimeClasspath -> androidx.navigation
:navigation-fragment-ktx:2.7.7 -> 
androidx.navigation:navigation-runtime-ktx:2.7.7 
-> androidx.navigation:navigation-runtime:2.7.7 
-> 
androidx.navigation:navigation-common-ktx:2.7.7 
-> androidx.navigation:navigation-common:2.7.7 
-> androidx.navigation:navigation-fragment:2.7.7 
-> androidx.slidingpanelayout:slidingpanelayout:1
.2.0 -> androidx.window:window:1.0.0
:app:debugRuntimeClasspath -> 
androidx.room:room-runtime:2.6.1
:app:debugRuntimeClasspath -> 
androidx.room:room-runtime:2.6.1 -> 
androidx.room:room-common:2.6.1
:app:debugRuntimeClasspath -> 
androidx.room:room-ktx:2.6.1
:app:debugRuntimeClasspath -> 
androidx.room:room-runtime:2.6.1 -> 
androidx.sqlite:sqlite:2.4.0
:app:debugRuntimeClasspath -> 
androidx.room:room-runtime:2.6.1 -> 
androidx.sqlite:sqlite-framework:2.4.0
:app:debugRuntimeClasspath -> 
androidx.datastore:datastore-preferences:1.1.1
:app:debugRuntimeClasspath -> 
androidx.datastore:datastore-preferences:1.1.1 
-> androidx.datastore:datastore-preferences-andro
id:1.1.1
:app:debugRuntimeClasspath -> 
androidx.datastore:datastore-preferences:1.1.1 
-> androidx.datastore:datastore-preferences-andro
id:1.1.1 -> androidx.datastore:datastore-preferen
ces-core:1.1.1 -> androidx.datastore:datastore-pr
eferences-core-jvm:1.1.1 -> 
androidx.datastore:datastore-core:1.1.1 -> 
androidx.datastore:datastore-core-android:1.1.1 
-> androidx.datastore:datastore-core-okio:1.1.1 
-> 
androidx.datastore:datastore-core-okio-jvm:1.1.1 
-> androidx.datastore:datastore:1.1.1
:app:debugRuntimeClasspath -> 
androidx.datastore:datastore-preferences:1.1.1 
-> androidx.datastore:datastore-preferences-andro
id:1.1.1 -> androidx.datastore:datastore-preferen
ces-core:1.1.1 -> androidx.datastore:datastore-pr
eferences-core-jvm:1.1.1 -> 
androidx.datastore:datastore-core:1.1.1 -> 
androidx.datastore:datastore-core-android:1.1.1 
-> androidx.datastore:datastore-core-okio:1.1.1 
-> 
androidx.datastore:datastore-core-okio-jvm:1.1.1 
-> androidx.datastore:datastore:1.1.1 -> 
androidx.datastore:datastore-android:1.1.1
:app:debugRuntimeClasspath -> 
androidx.datastore:datastore-preferences:1.1.1 
-> androidx.datastore:datastore-preferences-andro
id:1.1.1 -> androidx.datastore:datastore:1.1.1 
-> androidx.datastore:datastore-android:1.1.1 -> 
androidx.datastore:datastore-preferences-core:1.1
.1 -> androidx.datastore:datastore-preferences-co
re-jvm:1.1.1 -> 
androidx.datastore:datastore-core-okio:1.1.1 -> 
androidx.datastore:datastore-core-okio-jvm:1.1.1 
-> androidx.datastore:datastore-core:1.1.1
:app:debugRuntimeClasspath -> 
androidx.datastore:datastore-preferences:1.1.1 
-> androidx.datastore:datastore-preferences-andro
id:1.1.1 -> androidx.datastore:datastore:1.1.1 
-> androidx.datastore:datastore-android:1.1.1 -> 
androidx.datastore:datastore-preferences-core:1.1
.1 -> androidx.datastore:datastore-preferences-co
re-jvm:1.1.1 -> 
androidx.datastore:datastore-core-okio:1.1.1 -> 
androidx.datastore:datastore-core-okio-jvm:1.1.1 
-> androidx.datastore:datastore-core:1.1.1 -> 
androidx.datastore:datastore-core-android:1.1.1
:app:debugRuntimeClasspath -> 
androidx.datastore:datastore-preferences:1.1.1 
-> androidx.datastore:datastore-preferences-andro
id:1.1.1 -> androidx.datastore:datastore:1.1.1 
-> androidx.datastore:datastore-android:1.1.1 -> 
androidx.datastore:datastore-preferences-core:1.1
.1 -> androidx.datastore:datastore-preferences-co
re-jvm:1.1.1 -> 
androidx.datastore:datastore-core:1.1.1 -> 
androidx.datastore:datastore-core-android:1.1.1 
-> androidx.datastore:datastore-core-okio:1.1.1
:app:debugRuntimeClasspath -> 
androidx.datastore:datastore-preferences:1.1.1 
-> androidx.datastore:datastore-preferences-andro
id:1.1.1 -> androidx.datastore:datastore:1.1.1 
-> androidx.datastore:datastore-android:1.1.1 -> 
androidx.datastore:datastore-preferences-core:1.1
.1 -> androidx.datastore:datastore-preferences-co
re-jvm:1.1.1 -> 
androidx.datastore:datastore-core:1.1.1 -> 
androidx.datastore:datastore-core-android:1.1.1 
-> androidx.datastore:datastore-core-okio:1.1.1 
-> 
androidx.datastore:datastore-core-okio-jvm:1.1.1
:app:debugRuntimeClasspath -> 
androidx.datastore:datastore-preferences:1.1.1 
-> androidx.datastore:datastore-preferences-andro
id:1.1.1 -> androidx.datastore:datastore:1.1.1 
-> androidx.datastore:datastore-android:1.1.1 -> 
androidx.datastore:datastore-core:1.1.1 -> 
androidx.datastore:datastore-core-android:1.1.1 
-> androidx.datastore:datastore-core-okio:1.1.1 
-> 
androidx.datastore:datastore-core-okio-jvm:1.1.1 
-> androidx.datastore:datastore-preferences-core:
1.1.1
:app:debugRuntimeClasspath -> 
androidx.datastore:datastore-preferences:1.1.1 
-> androidx.datastore:datastore-preferences-andro
id:1.1.1 -> androidx.datastore:datastore:1.1.1 
-> androidx.datastore:datastore-android:1.1.1 -> 
androidx.datastore:datastore-core:1.1.1 -> 
androidx.datastore:datastore-core-android:1.1.1 
-> androidx.datastore:datastore-core-okio:1.1.1 
-> 
androidx.datastore:datastore-core-okio-jvm:1.1.1 
-> androidx.datastore:datastore-preferences-core:
1.1.1 -> androidx.datastore:datastore-preferences
-core-jvm:1.1.1
	at com.android.builder.errors.IssueReporter.repo
rtError(IssueReporter.kt:114)
	at com.android.builder.errors.IssueReporter.repo
rtError$default(IssueReporter.kt:110)
	at com.android.build.gradle.internal.dependency.
AndroidXDependencyCheck$AndroidXDisabledJetifierD
isabled.execute(AndroidXDependencyCheck.kt:72)
	at com.android.build.gradle.internal.dependency.
AndroidXDependencyCheck$AndroidXDisabledJetifierD
isabled.execute(AndroidXDependencyCheck.kt:40)
	at org.gradle.configuration.internal.DefaultUser
CodeApplicationContext$CurrentApplication$1.execu
te(DefaultUserCodeApplicationContext.java:123)
	at org.gradle.internal.event.BroadcastDispatch$A
ctionInvocationHandler.dispatch(BroadcastDispatch
.java:99)
	at org.gradle.internal.event.BroadcastDispatch$A
ctionInvocationHandler.dispatch(BroadcastDispatch
.java:87)
	at org.gradle.internal.event.AbstractBroadcastDi
spatch.dispatch(AbstractBroadcastDispatch.java:43
)
	at org.gradle.internal.event.BroadcastDispatch$S
ingletonDispatch.dispatch(BroadcastDispatch.java:
268)
	at org.gradle.internal.event.BroadcastDispatch$S
ingletonDispatch.dispatch(BroadcastDispatch.java:
170)
	at org.gradle.internal.event.AbstractBroadcastDi
spatch.dispatch(AbstractBroadcastDispatch.java:83
)
	at org.gradle.internal.event.AbstractBroadcastDi
spatch.dispatch(AbstractBroadcastDispatch.java:69
)
	at org.gradle.internal.event.BroadcastDispatch$C
ompositeDispatch.dispatch(BroadcastDispatch.java:
381)
	at org.gradle.internal.event.BroadcastDispatch$C
ompositeDispatch.dispatch(BroadcastDispatch.java:
272)
	at org.gradle.internal.event.ListenerBroadcast.d
ispatch(ListenerBroadcast.java:148)
	at org.gradle.internal.event.ListenerBroadcast.d
ispatch(ListenerBroadcast.java:37)
	at org.gradle.internal.dispatch.ProxyDispatchAda
pter$DispatchingInvocationHandler.invoke(ProxyDis
patchAdapter.java:94)
	at jdk.proxy1/jdk.proxy1.$Proxy58.afterResolve(U
nknown Source)
	at org.gradle.api.internal.artifacts.configurati
ons.DefaultConfiguration$1.call(DefaultConfigurat
ion.java:730)
	at org.gradle.api.internal.artifacts.configurati
ons.DefaultConfiguration$1.call(DefaultConfigurat
ion.java:709)
	at org.gradle.internal.operations.DefaultBuildOp
erationRunner$CallableBuildOperationWorker.execut
e(DefaultBuildOperationRunner.java:204)
	at org.gradle.internal.operations.DefaultBuildOp
erationRunner$CallableBuildOperationWorker.execut
e(DefaultBuildOperationRunner.java:199)
	at org.gradle.internal.operations.DefaultBuildOp
erationRunner$2.execute(DefaultBuildOperationRunn
er.java:66)
	at org.gradle.internal.operations.DefaultBuildOp
erationRunner$2.execute(DefaultBuildOperationRunn
er.java:59)
	at org.gradle.internal.operations.DefaultBuildOp
erationRunner.execute(DefaultBuildOperationRunner
.java:157)
	at org.gradle.internal.operations.DefaultBuildOp
erationRunner.execute(DefaultBuildOperationRunner
.java:59)
	at org.gradle.internal.operations.DefaultBuildOp
erationRunner.call(DefaultBuildOperationRunner.ja
va:53)
	at org.gradle.internal.operations.DefaultBuildOp
erationExecutor.call(DefaultBuildOperationExecuto
r.java:78)
	at org.gradle.api.internal.artifacts.configurati
ons.DefaultConfiguration.resolveGraphIfRequired(D
efaultConfiguration.java:709)
	at org.gradle.api.internal.artifacts.configurati
ons.DefaultConfiguration.lambda$resolveExclusivel
y$3(DefaultConfiguration.java:689)
	at org.gradle.api.internal.project.DefaultProjec
tStateRegistry$CalculatedModelValueImpl.update(De
faultProjectStateRegistry.java:504)
	at org.gradle.api.internal.artifacts.configurati
ons.DefaultConfiguration.resolveExclusively(Defau
ltConfiguration.java:686)
	at org.gradle.api.internal.artifacts.configurati
ons.DefaultConfiguration.resolveToStateOrLater(De
faultConfiguration.java:682)
	at org.gradle.api.internal.artifacts.configurati
ons.DefaultConfiguration.access$1900(DefaultConfi
guration.java:170)
	at org.gradle.api.internal.artifacts.configurati
ons.DefaultConfiguration$ConfigurationResolvableD
ependencies$LenientResolutionResult.resolve(Defau
ltConfiguration.java:2232)
	at org.gradle.api.internal.artifacts.configurati
ons.DefaultConfiguration$ConfigurationResolvableD
ependencies$LenientResolutionResult.allDependenci
es(DefaultConfiguration.java:2269)
	at com.android.build.gradle.internal.dependency.
ConstraintHandler$alignWith$1.execute(ConstraintH
andler.kt:49)
	at com.android.build.gradle.internal.dependency.
ConstraintHandler$alignWith$1.execute(ConstraintH
andler.kt:43)
	at org.gradle.configuration.internal.DefaultUser
CodeApplicationContext$CurrentApplication$1.execu
te(DefaultUserCodeApplicationContext.java:123)
	at org.gradle.internal.event.BroadcastDispatch$A
ctionInvocationHandler.dispatch(BroadcastDispatch
.java:99)
	at org.gradle.internal.event.BroadcastDispatch$A
ctionInvocationHandler.dispatch(BroadcastDispatch
.java:87)
	at org.gradle.internal.event.AbstractBroadcastDi
spatch.dispatch(AbstractBroadcastDispatch.java:43
)
	at org.gradle.internal.event.BroadcastDispatch$S
ingletonDispatch.dispatch(BroadcastDispatch.java:
268)
	at org.gradle.internal.event.BroadcastDispatch$S
ingletonDispatch.dispatch(BroadcastDispatch.java:
170)
	at org.gradle.internal.event.AbstractBroadcastDi
spatch.dispatch(AbstractBroadcastDispatch.java:83
)
	at org.gradle.internal.event.AbstractBroadcastDi
spatch.dispatch(AbstractBroadcastDispatch.java:69
)
	at org.gradle.internal.event.BroadcastDispatch$C
ompositeDispatch.dispatch(BroadcastDispatch.java:
381)
	at org.gradle.internal.event.BroadcastDispatch$C
ompositeDispatch.dispatch(BroadcastDispatch.java:
272)
	at org.gradle.internal.event.ListenerBroadcast.d
ispatch(ListenerBroadcast.java:148)
	at org.gradle.internal.event.ListenerBroadcast.d
ispatch(ListenerBroadcast.java:37)
	at org.gradle.internal.dispatch.ProxyDispatchAda
pter$DispatchingInvocationHandler.invoke(ProxyDis
patchAdapter.java:94)
	at jdk.proxy1/jdk.proxy1.$Proxy58.beforeResolve(
Unknown Source)
	at org.gradle.api.internal.artifacts.configurati
ons.DefaultConfiguration.performPreResolveActions
(DefaultConfiguration.java:841)
	at org.gradle.api.internal.artifacts.configurati
ons.DefaultConfiguration.access$300(DefaultConfig
uration.java:170)
	at org.gradle.api.internal.artifacts.configurati
ons.DefaultConfiguration$1.call(DefaultConfigurat
ion.java:716)
	at org.gradle.api.internal.artifacts.configurati
ons.DefaultConfiguration$1.call(DefaultConfigurat
ion.java:709)
	at org.gradle.internal.operations.DefaultBuildOp
erationRunner$CallableBuildOperationWorker.execut
e(DefaultBuildOperationRunner.java:204)
	at org.gradle.internal.operations.DefaultBuildOp
erationRunner$CallableBuildOperationWorker.execut
e(DefaultBuildOperationRunner.java:199)
	at org.gradle.internal.operations.DefaultBuildOp
erationRunner$2.execute(DefaultBuildOperationRunn
er.java:66)
	at org.gradle.internal.operations.DefaultBuildOp
erationRunner$2.execute(DefaultBuildOperationRunn
er.java:59)
	at org.gradle.internal.operations.DefaultBuildOp
erationRunner.execute(DefaultBuildOperationRunner
.java:157)
	at org.gradle.internal.operations.DefaultBuildOp
erationRunner.execute(DefaultBuildOperationRunner
.java:59)
	at org.gradle.internal.operations.DefaultBuildOp
erationRunner.call(DefaultBuildOperationRunner.ja
va:53)
	at org.gradle.internal.operations.DefaultBuildOp
erationExecutor.call(DefaultBuildOperationExecuto
r.java:78)
	at org.gradle.api.internal.artifacts.configurati
ons.DefaultConfiguration.resolveGraphIfRequired(D
efaultConfiguration.java:709)
	at org.gradle.api.internal.artifacts.configurati
ons.DefaultConfiguration.lambda$resolveExclusivel
y$3(DefaultConfiguration.java:689)
	at org.gradle.api.internal.project.DefaultProjec
tStateRegistry$CalculatedModelValueImpl.update(De
faultProjectStateRegistry.java:504)
	at org.gradle.api.internal.artifacts.configurati
ons.DefaultConfiguration.resolveExclusively(Defau
ltConfiguration.java:686)
	at org.gradle.api.internal.artifacts.configurati
ons.DefaultConfiguration.resolveToStateOrLater(De
faultConfiguration.java:682)
	at org.gradle.api.internal.artifacts.configurati
ons.DefaultConfiguration.access$1900(DefaultConfi
guration.java:170)
	at org.gradle.api.internal.artifacts.configurati
ons.DefaultConfiguration$VisitedArtifactsSetProvi
der.getValue(DefaultConfiguration.java:1656)
	at org.gradle.api.internal.artifacts.configurati
ons.DefaultConfiguration$VisitedArtifactsSetProvi
der.getValue(DefaultConfiguration.java:1645)
	at org.gradle.api.internal.artifacts.configurati
ons.DefaultConfiguration$SelectedArtifactsProvide
r.getValue(DefaultConfiguration.java:1692)
	at org.gradle.api.internal.artifacts.configurati
ons.DefaultConfiguration$SelectedArtifactsProvide
r.getValue(DefaultConfiguration.java:1661)
	at org.gradle.api.internal.artifacts.configurati
ons.ResolutionBackedFileCollection.getSelectedArt
ifacts(ResolutionBackedFileCollection.java:85)
	at org.gradle.api.internal.artifacts.configurati
ons.ResolutionBackedFileCollection.visitContents(
ResolutionBackedFileCollection.java:72)
	at org.gradle.api.internal.file.AbstractFileColl
ection.visitStructure(AbstractFileCollection.java
:366)
	at org.gradle.api.internal.file.CompositeFileCol
lection.lambda$visitContents$0(CompositeFileColle
ction.java:133)
	at org.gradle.api.internal.file.collections.Unpa
ckingVisitor.add(UnpackingVisitor.java:67)
	at org.gradle.api.internal.file.collections.Unpa
ckingVisitor.add(UnpackingVisitor.java:92)
	at org.gradle.api.internal.file.DefaultFileColle
ctionFactory$ResolvingFileCollection.visitChildre
n(DefaultFileCollectionFactory.java:285)
	at org.gradle.api.internal.file.CompositeFileCol
lection.visitContents(CompositeFileCollection.jav
a:133)
	at org.gradle.api.internal.file.AbstractFileColl
ection.visitStructure(AbstractFileCollection.java
:366)
	at org.gradle.api.internal.file.CompositeFileCol
lection.lambda$visitContents$0(CompositeFileColle
ction.java:133)
	at org.gradle.api.internal.tasks.PropertyFileCol
lection.visitChildren(PropertyFileCollection.java
:48)
	at org.gradle.api.internal.file.CompositeFileCol
lection.visitContents(CompositeFileCollection.jav
a:133)
	at org.gradle.api.internal.file.AbstractFileColl
ection.visitStructure(AbstractFileCollection.java
:366)
	at org.gradle.internal.fingerprint.impl.DefaultF
ileCollectionSnapshotter.snapshot(DefaultFileColl
ectionSnapshotter.java:47)
	at org.gradle.internal.execution.impl.DefaultInp
utFingerprinter$InputCollectingVisitor.visitInput
FileProperty(DefaultInputFingerprinter.java:133)
	at org.gradle.api.internal.tasks.execution.TaskE
xecution.visitRegularInputs(TaskExecution.java:32
8)
	at org.gradle.internal.execution.impl.DefaultInp
utFingerprinter.fingerprintInputProperties(Defaul
tInputFingerprinter.java:63)
	at org.gradle.internal.execution.steps.CaptureSt
ateBeforeExecutionStep.captureExecutionStateWithO
utputs(CaptureStateBeforeExecutionStep.java:123)
	at org.gradle.internal.execution.steps.CaptureSt
ateBeforeExecutionStep.lambda$captureExecutionSta
te$1(CaptureStateBeforeExecutionStep.java:82)
	at org.gradle.internal.execution.steps.BuildOper
ationStep$1.call(BuildOperationStep.java:37)
	at org.gradle.internal.operations.DefaultBuildOp
erationRunner$CallableBuildOperationWorker.execut
e(DefaultBuildOperationRunner.java:204)
	at org.gradle.internal.operations.DefaultBuildOp
erationRunner$CallableBuildOperationWorker.execut
e(DefaultBuildOperationRunner.java:199)
	at org.gradle.internal.operations.DefaultBuildOp
erationRunner$2.execute(DefaultBuildOperationRunn
er.java:66)
	at org.gradle.internal.operations.DefaultBuildOp
erationRunner$2.execute(DefaultBuildOperationRunn
er.java:59)
	at org.gradle.internal.operations.DefaultBuildOp
erationRunner.execute(DefaultBuildOperationRunner
.java:157)
	at org.gradle.internal.operations.DefaultBuildOp
erationRunner.execute(DefaultBuildOperationRunner
.java:59)
	at org.gradle.internal.operations.DefaultBuildOp
erationRunner.call(DefaultBuildOperationRunner.ja
va:53)
	at org.gradle.internal.operations.DefaultBuildOp
erationExecutor.call(DefaultBuildOperationExecuto
r.java:78)
	at org.gradle.internal.execution.steps.BuildOper
ationStep.operation(BuildOperationStep.java:34)
	at org.gradle.internal.execution.steps.CaptureSt
ateBeforeExecutionStep.captureExecutionState(Capt
ureStateBeforeExecutionStep.java:76)
	at org.gradle.internal.execution.steps.CaptureSt
ateBeforeExecutionStep.lambda$execute$0(CaptureSt
ateBeforeExecutionStep.java:70)
	at org.gradle.internal.execution.steps.CaptureSt
ateBeforeExecutionStep.execute(CaptureStateBefore
ExecutionStep.java:70)
	at org.gradle.internal.execution.steps.CaptureSt
ateBeforeExecutionStep.execute(CaptureStateBefore
ExecutionStep.java:45)
	at org.gradle.internal.execution.steps.SkipEmpty
WorkStep.executeWithNonEmptySources(SkipEmptyWork
Step.java:177)
	at org.gradle.internal.execution.steps.SkipEmpty
WorkStep.execute(SkipEmptyWorkStep.java:81)
	at org.gradle.internal.execution.steps.SkipEmpty
WorkStep.execute(SkipEmptyWorkStep.java:53)
	at org.gradle.internal.execution.steps.RemoveUnt
rackedExecutionStateStep.execute(RemoveUntrackedE
xecutionStateStep.java:32)
	at org.gradle.internal.execution.steps.RemoveUnt
rackedExecutionStateStep.execute(RemoveUntrackedE
xecutionStateStep.java:21)
	at org.gradle.internal.execution.steps.legacy.Ma
rkSnapshottingInputsStartedStep.execute(MarkSnaps
hottingInputsStartedStep.java:38)
	at org.gradle.internal.execution.steps.LoadPrevi
ousExecutionStateStep.execute(LoadPreviousExecuti
onStateStep.java:36)
	at org.gradle.internal.execution.steps.LoadPrevi
ousExecutionStateStep.execute(LoadPreviousExecuti
onStateStep.java:23)
	at org.gradle.internal.execution.steps.CleanupSt
aleOutputsStep.execute(CleanupStaleOutputsStep.ja
va:75)
	at org.gradle.internal.execution.steps.CleanupSt
aleOutputsStep.execute(CleanupStaleOutputsStep.ja
va:41)
	at org.gradle.internal.execution.steps.ExecuteWo
rkBuildOperationFiringStep.lambda$execute$2(Execu
teWorkBuildOperationFiringStep.java:66)
	at org.gradle.internal.execution.steps.ExecuteWo
rkBuildOperationFiringStep.execute(ExecuteWorkBui
ldOperationFiringStep.java:66)
	at org.gradle.internal.execution.steps.ExecuteWo
rkBuildOperationFiringStep.execute(ExecuteWorkBui
ldOperationFiringStep.java:38)
	at org.gradle.internal.execution.steps.AssignWor
kspaceStep.lambda$execute$0(AssignWorkspaceStep.j
ava:32)
	at org.gradle.api.internal.tasks.execution.TaskE
xecution$4.withWorkspace(TaskExecution.java:293)
	at org.gradle.internal.execution.steps.AssignWor
kspaceStep.execute(AssignWorkspaceStep.java:30)
2 actionable tasks: 2 executed
	at org.gradle.internal.execution.steps.AssignWor
kspaceStep.execute(AssignWorkspaceStep.java:21)
	at org.gradle.internal.execution.steps.IdentityC
acheStep.execute(IdentityCacheStep.java:37)
	at org.gradle.internal.execution.steps.IdentityC
acheStep.execute(IdentityCacheStep.java:27)
	at org.gradle.internal.execution.steps.IdentifyS
tep.execute(IdentifyStep.java:47)
	at org.gradle.internal.execution.steps.IdentifyS
tep.execute(IdentifyStep.java:34)
	at org.gradle.internal.execution.impl.DefaultExe
cutionEngine$1.execute(DefaultExecutionEngine.jav
a:64)
	at org.gradle.api.internal.tasks.execution.Execu
teActionsTaskExecuter.executeIfValid(ExecuteActio
nsTaskExecuter.java:145)
	at org.gradle.api.internal.tasks.execution.Execu
teActionsTaskExecuter.execute(ExecuteActionsTaskE
xecuter.java:134)
	at org.gradle.api.internal.tasks.execution.Final
izePropertiesTaskExecuter.execute(FinalizePropert
iesTaskExecuter.java:46)
	at org.gradle.api.internal.tasks.execution.Resol
veTaskExecutionModeExecuter.execute(ResolveTaskEx
ecutionModeExecuter.java:51)
	at org.gradle.api.internal.tasks.execution.SkipT
askWithNoActionsExecuter.execute(SkipTaskWithNoAc
tionsExecuter.java:57)
	at org.gradle.api.internal.tasks.execution.SkipO
nlyIfTaskExecuter.execute(SkipOnlyIfTaskExecuter.
java:74)
	at org.gradle.api.internal.tasks.execution.Catch
ExceptionTaskExecuter.execute(CatchExceptionTaskE
xecuter.java:36)
	at org.gradle.api.internal.tasks.execution.Event
FiringTaskExecuter$1.executeTask(EventFiringTaskE
xecuter.java:77)
	at org.gradle.api.internal.tasks.execution.Event
FiringTaskExecuter$1.call(EventFiringTaskExecuter
.java:55)
	at org.gradle.api.internal.tasks.execution.Event
FiringTaskExecuter$1.call(EventFiringTaskExecuter
.java:52)
	at org.gradle.internal.operations.DefaultBuildOp
erationRunner$CallableBuildOperationWorker.execut
e(DefaultBuildOperationRunner.java:204)
	at org.gradle.internal.operations.DefaultBuildOp
erationRunner$CallableBuildOperationWorker.execut
e(DefaultBuildOperationRunner.java:199)
	at org.gradle.internal.operations.DefaultBuildOp
erationRunner$2.execute(DefaultBuildOperationRunn
er.java:66)
	at org.gradle.internal.operations.DefaultBuildOp
erationRunner$2.execute(DefaultBuildOperationRunn
er.java:59)
	at org.gradle.internal.operations.DefaultBuildOp
erationRunner.execute(DefaultBuildOperationRunner
.java:157)
	at org.gradle.internal.operations.DefaultBuildOp
erationRunner.execute(DefaultBuildOperationRunner
.java:59)
	at org.gradle.internal.operations.DefaultBuildOp
erationRunner.call(DefaultBuildOperationRunner.ja
va:53)
	at org.gradle.internal.operations.DefaultBuildOp
erationExecutor.call(DefaultBuildOperationExecuto
r.java:78)
	at org.gradle.api.internal.tasks.execution.Event
FiringTaskExecuter.execute(EventFiringTaskExecute
r.java:52)
	at org.gradle.execution.plan.LocalTaskNodeExecut
or.execute(LocalTaskNodeExecutor.java:42)
	at org.gradle.execution.taskgraph.DefaultTaskExe
cutionGraph$InvokeNodeExecutorsAction.execute(Def
aultTaskExecutionGraph.java:331)
	at org.gradle.execution.taskgraph.DefaultTaskExe
cutionGraph$InvokeNodeExecutorsAction.execute(Def
aultTaskExecutionGraph.java:318)
	at org.gradle.execution.taskgraph.DefaultTaskExe
cutionGraph$BuildOperationAwareExecutionAction.la
mbda$execute$0(DefaultTaskExecutionGraph.java:314
)
	at org.gradle.internal.operations.CurrentBuildOp
erationRef.with(CurrentBuildOperationRef.java:80)
	at org.gradle.execution.taskgraph.DefaultTaskExe
cutionGraph$BuildOperationAwareExecutionAction.ex
ecute(DefaultTaskExecutionGraph.java:314)
	at org.gradle.execution.taskgraph.DefaultTaskExe
cutionGraph$BuildOperationAwareExecutionAction.ex
ecute(DefaultTaskExecutionGraph.java:303)
	at org.gradle.execution.plan.DefaultPlanExecutor
$ExecutorWorker.execute(DefaultPlanExecutor.java:
463)
	at org.gradle.execution.plan.DefaultPlanExecutor
$ExecutorWorker.run(DefaultPlanExecutor.java:380)
	at org.gradle.internal.concurrent.ExecutorPolicy
$CatchAndRecordFailures.onExecute(ExecutorPolicy.
java:64)
	at org.gradle.internal.concurrent.AbstractManage
dExecutor$1.run(AbstractManagedExecutor.java:47)


BUILD FAILED in 1s
set was unexpected at this time.
